mpi_pivot with 4 processors for N 10
--------------------------------------------------------------------------
WARNING: There was an error initializing an OpenFabrics device.

  Local host:   compute-14-17
  Local device: mlx5_2
--------------------------------------------------------------------------
--------------------------------------------------------------------------
WARNING: There was an error initializing an OpenFabrics device.

  Local host:   compute-14-17
  Local device: mlx5_2
--------------------------------------------------------------------------
[compute-14-17:17454] mca_base_component_repository_open: unable to open mca_mtl_ofi: /usr/lib/libibverbs.so.1: version `IBVERBS_1.6' not found (required by /usr/lib/x86_64-linux-gnu/libfabric.so.1) (ignored)
[compute-14-17:17455] mca_base_component_repository_open: unable to open mca_mtl_ofi: /usr/lib/libibverbs.so.1: version `IBVERBS_1.6' not found (required by /usr/lib/x86_64-linux-gnu/libfabric.so.1) (ignored)
slurmstepd-compute-14-17: error: *** JOB 2101604 ON compute-14-17 CANCELLED AT 2022-04-28T23:08:41 DUE TO TIME LIMIT ***
slurmstepd-compute-14-17: error: *** STEP 2101604.0 ON compute-14-17 CANCELLED AT 2022-04-28T23:08:41 DUE TO TIME LIMIT ***
srun: Job step aborted: Waiting up to 32 seconds for job step to finish.
