mpi_pivot with 4 processors for N 20
[compute-17-42:57323] mca_base_component_repository_open: unable to open mca_mtl_ofi: /usr/lib/libibverbs.so.1: version `IBVERBS_1.6' not found (required by /usr/lib/x86_64-linux-gnu/libfabric.so.1) (ignored)
[compute-17-42:57324] mca_base_component_repository_open: unable to open mca_mtl_ofi: /usr/lib/libibverbs.so.1: version `IBVERBS_1.6' not found (required by /usr/lib/x86_64-linux-gnu/libfabric.so.1) (ignored)
[compute-17-42:57322] mca_base_component_repository_open: unable to open mca_mtl_ofi: /usr/lib/libibverbs.so.1: version `IBVERBS_1.6' not found (required by /usr/lib/x86_64-linux-gnu/libfabric.so.1) (ignored)
[compute-17-42:57321] mca_base_component_repository_open: unable to open mca_mtl_ofi: /usr/lib/libibverbs.so.1: version `IBVERBS_1.6' not found (required by /usr/lib/x86_64-linux-gnu/libfabric.so.1) (ignored)
[compute-17-42:57328] mca_base_component_repository_open: unable to open mca_mtl_ofi: /usr/lib/libibverbs.so.1: version `IBVERBS_1.6' not found (required by /usr/lib/x86_64-linux-gnu/libfabric.so.1) (ignored)
[compute-17-42:57327] mca_base_component_repository_open: unable to open mca_mtl_ofi: /usr/lib/libibverbs.so.1: version `IBVERBS_1.6' not found (required by /usr/lib/x86_64-linux-gnu/libfabric.so.1) (ignored)
[compute-17-42:57326] mca_base_component_repository_open: unable to open mca_mtl_ofi: /usr/lib/libibverbs.so.1: version `IBVERBS_1.6' not found (required by /usr/lib/x86_64-linux-gnu/libfabric.so.1) (ignored)
[compute-17-42:57325] mca_base_component_repository_open: unable to open mca_mtl_ofi: /usr/lib/libibverbs.so.1: version `IBVERBS_1.6' not found (required by /usr/lib/x86_64-linux-gnu/libfabric.so.1) (ignored)
[compute-17-42:57332] mca_base_component_repository_open: unable to open mca_mtl_ofi: /usr/lib/libibverbs.so.1: version `IBVERBS_1.6' not found (required by /usr/lib/x86_64-linux-gnu/libfabric.so.1) (ignored)
[compute-17-42:57330] mca_base_component_repository_open: unable to open mca_mtl_ofi: /usr/lib/libibverbs.so.1: version `IBVERBS_1.6' not found (required by /usr/lib/x86_64-linux-gnu/libfabric.so.1) (ignored)
[compute-17-42:57331] mca_base_component_repository_open: unable to open mca_mtl_ofi: /usr/lib/libibverbs.so.1: version `IBVERBS_1.6' not found (required by /usr/lib/x86_64-linux-gnu/libfabric.so.1) (ignored)
[compute-17-42:57329] mca_base_component_repository_open: unable to open mca_mtl_ofi: /usr/lib/libibverbs.so.1: version `IBVERBS_1.6' not found (required by /usr/lib/x86_64-linux-gnu/libfabric.so.1) (ignored)
[compute-17-42:57336] mca_base_component_repository_open: unable to open mca_mtl_ofi: /usr/lib/libibverbs.so.1: version `IBVERBS_1.6' not found (required by /usr/lib/x86_64-linux-gnu/libfabric.so.1) (ignored)
[compute-17-42:57334] mca_base_component_repository_open: unable to open mca_mtl_ofi: /usr/lib/libibverbs.so.1: version `IBVERBS_1.6' not found (required by /usr/lib/x86_64-linux-gnu/libfabric.so.1) (ignored)
[compute-17-42:57335] mca_base_component_repository_open: unable to open mca_mtl_ofi: /usr/lib/libibverbs.so.1: version `IBVERBS_1.6' not found (required by /usr/lib/x86_64-linux-gnu/libfabric.so.1) (ignored)
[compute-17-42:57333] mca_base_component_repository_open: unable to open mca_mtl_ofi: /usr/lib/libibverbs.so.1: version `IBVERBS_1.6' not found (required by /usr/lib/x86_64-linux-gnu/libfabric.so.1) (ignored)
[compute-17-42:57340] mca_base_component_repository_open: unable to open mca_mtl_ofi: /usr/lib/libibverbs.so.1: version `IBVERBS_1.6' not found (required by /usr/lib/x86_64-linux-gnu/libfabric.so.1) (ignored)
[compute-17-42:57337] mca_base_component_repository_open: unable to open mca_mtl_ofi: /usr/lib/libibverbs.so.1: version `IBVERBS_1.6' not found (required by /usr/lib/x86_64-linux-gnu/libfabric.so.1) (ignored)
[compute-17-42:57339] mca_base_component_repository_open: unable to open mca_mtl_ofi: /usr/lib/libibverbs.so.1: version `IBVERBS_1.6' not found (required by /usr/lib/x86_64-linux-gnu/libfabric.so.1) (ignored)
[compute-17-42:57338] mca_base_component_repository_open: unable to open mca_mtl_ofi: /usr/lib/libibverbs.so.1: version `IBVERBS_1.6' not found (required by /usr/lib/x86_64-linux-gnu/libfabric.so.1) (ignored)
[compute-17-42:57341] mca_base_component_repository_open: unable to open mca_mtl_ofi: /usr/lib/libibverbs.so.1: version `IBVERBS_1.6' not found (required by /usr/lib/x86_64-linux-gnu/libfabric.so.1) (ignored)
[compute-17-42:57342] mca_base_component_repository_open: unable to open mca_mtl_ofi: /usr/lib/libibverbs.so.1: version `IBVERBS_1.6' not found (required by /usr/lib/x86_64-linux-gnu/libfabric.so.1) (ignored)
[compute-17-42:57344] mca_base_component_repository_open: unable to open mca_mtl_ofi: /usr/lib/libibverbs.so.1: version `IBVERBS_1.6' not found (required by /usr/lib/x86_64-linux-gnu/libfabric.so.1) (ignored)
[compute-17-42:57343] mca_base_component_repository_open: unable to open mca_mtl_ofi: /usr/lib/libibverbs.so.1: version `IBVERBS_1.6' not found (required by /usr/lib/x86_64-linux-gnu/libfabric.so.1) (ignored)
[compute-17-42:57345] mca_base_component_repository_open: unable to open mca_mtl_ofi: /usr/lib/libibverbs.so.1: version `IBVERBS_1.6' not found (required by /usr/lib/x86_64-linux-gnu/libfabric.so.1) (ignored)
[compute-17-42:57346] mca_base_component_repository_open: unable to open mca_mtl_ofi: /usr/lib/libibverbs.so.1: version `IBVERBS_1.6' not found (required by /usr/lib/x86_64-linux-gnu/libfabric.so.1) (ignored)
[compute-17-42:57347] mca_base_component_repository_open: unable to open mca_mtl_ofi: /usr/lib/libibverbs.so.1: version `IBVERBS_1.6' not found (required by /usr/lib/x86_64-linux-gnu/libfabric.so.1) (ignored)
[compute-17-42:57348] mca_base_component_repository_open: unable to open mca_mtl_ofi: /usr/lib/libibverbs.so.1: version `IBVERBS_1.6' not found (required by /usr/lib/x86_64-linux-gnu/libfabric.so.1) (ignored)
[compute-17-42:57349] mca_base_component_repository_open: unable to open mca_mtl_ofi: /usr/lib/libibverbs.so.1: version `IBVERBS_1.6' not found (required by /usr/lib/x86_64-linux-gnu/libfabric.so.1) (ignored)
[compute-17-42:57350] mca_base_component_repository_open: unable to open mca_mtl_ofi: /usr/lib/libibverbs.so.1: version `IBVERBS_1.6' not found (required by /usr/lib/x86_64-linux-gnu/libfabric.so.1) (ignored)
[compute-17-42:57351] mca_base_component_repository_open: unable to open mca_mtl_ofi: /usr/lib/libibverbs.so.1: version `IBVERBS_1.6' not found (required by /usr/lib/x86_64-linux-gnu/libfabric.so.1) (ignored)
[compute-17-42:57362] mca_base_component_repository_open: unable to open mca_mtl_ofi: /usr/lib/libibverbs.so.1: version `IBVERBS_1.6' not found (required by /usr/lib/x86_64-linux-gnu/libfabric.so.1) (ignored)
[compute-17-42:57353] mca_base_component_repository_open: unable to open mca_mtl_ofi: /usr/lib/libibverbs.so.1: version `IBVERBS_1.6' not found (required by /usr/lib/x86_64-linux-gnu/libfabric.so.1) (ignored)
[compute-17-42:57352] mca_base_component_repository_open: unable to open mca_mtl_ofi: /usr/lib/libibverbs.so.1: version `IBVERBS_1.6' not found (required by /usr/lib/x86_64-linux-gnu/libfabric.so.1) (ignored)
[compute-17-42:57364] mca_base_component_repository_open: unable to open mca_mtl_ofi: /usr/lib/libibverbs.so.1: version `IBVERBS_1.6' not found (required by /usr/lib/x86_64-linux-gnu/libfabric.so.1) (ignored)
[compute-17-42:57370] mca_base_component_repository_open: unable to open mca_mtl_ofi: /usr/lib/libibverbs.so.1: version `IBVERBS_1.6' not found (required by /usr/lib/x86_64-linux-gnu/libfabric.so.1) (ignored)
[compute-17-42:57399] mca_base_component_repository_open: unable to open mca_mtl_ofi: /usr/lib/libibverbs.so.1: version `IBVERBS_1.6' not found (required by /usr/lib/x86_64-linux-gnu/libfabric.so.1) (ignored)
[compute-17-42:57403] mca_base_component_repository_open: unable to open mca_mtl_ofi: /usr/lib/libibverbs.so.1: version `IBVERBS_1.6' not found (required by /usr/lib/x86_64-linux-gnu/libfabric.so.1) (ignored)
[compute-17-42:57392] mca_base_component_repository_open: unable to open mca_mtl_ofi: /usr/lib/libibverbs.so.1: version `IBVERBS_1.6' not found (required by /usr/lib/x86_64-linux-gnu/libfabric.so.1) (ignored)
[compute-17-42:57417] mca_base_component_repository_open: unable to open mca_mtl_ofi: /usr/lib/libibverbs.so.1: version `IBVERBS_1.6' not found (required by /usr/lib/x86_64-linux-gnu/libfabric.so.1) (ignored)
[compute-17-42:57421] mca_base_component_repository_open: unable to open mca_mtl_ofi: /usr/lib/libibverbs.so.1: version `IBVERBS_1.6' not found (required by /usr/lib/x86_64-linux-gnu/libfabric.so.1) (ignored)
[compute-17-42:57407] mca_base_component_repository_open: unable to open mca_mtl_ofi: /usr/lib/libibverbs.so.1: version `IBVERBS_1.6' not found (required by /usr/lib/x86_64-linux-gnu/libfabric.so.1) (ignored)
[compute-17-42:57414] mca_base_component_repository_open: unable to open mca_mtl_ofi: /usr/lib/libibverbs.so.1: version `IBVERBS_1.6' not found (required by /usr/lib/x86_64-linux-gnu/libfabric.so.1) (ignored)
[compute-17-42:57438] mca_base_component_repository_open: unable to open mca_mtl_ofi: /usr/lib/libibverbs.so.1: version `IBVERBS_1.6' not found (required by /usr/lib/x86_64-linux-gnu/libfabric.so.1) (ignored)
[compute-17-42:57439] mca_base_component_repository_open: unable to open mca_mtl_ofi: /usr/lib/libibverbs.so.1: version `IBVERBS_1.6' not found (required by /usr/lib/x86_64-linux-gnu/libfabric.so.1) (ignored)
[compute-17-42:57418] mca_base_component_repository_open: unable to open mca_mtl_ofi: /usr/lib/libibverbs.so.1: version `IBVERBS_1.6' not found (required by /usr/lib/x86_64-linux-gnu/libfabric.so.1) (ignored)
[compute-17-42:57419] mca_base_component_repository_open: unable to open mca_mtl_ofi: /usr/lib/libibverbs.so.1: version `IBVERBS_1.6' not found (required by /usr/lib/x86_64-linux-gnu/libfabric.so.1) (ignored)
[compute-17-42:57454] mca_base_component_repository_open: unable to open mca_mtl_ofi: /usr/lib/libibverbs.so.1: version `IBVERBS_1.6' not found (required by /usr/lib/x86_64-linux-gnu/libfabric.so.1) (ignored)
[compute-17-42:57437] mca_base_component_repository_open: unable to open mca_mtl_ofi: /usr/lib/libibverbs.so.1: version `IBVERBS_1.6' not found (required by /usr/lib/x86_64-linux-gnu/libfabric.so.1) (ignored)
[compute-17-42:57474] mca_base_component_repository_open: unable to open mca_mtl_ofi: /usr/lib/libibverbs.so.1: version `IBVERBS_1.6' not found (required by /usr/lib/x86_64-linux-gnu/libfabric.so.1) (ignored)
[compute-17-42:57475] mca_base_component_repository_open: unable to open mca_mtl_ofi: /usr/lib/libibverbs.so.1: version `IBVERBS_1.6' not found (required by /usr/lib/x86_64-linux-gnu/libfabric.so.1) (ignored)
[compute-17-42:57443] mca_base_component_repository_open: unable to open mca_mtl_ofi: /usr/lib/libibverbs.so.1: version `IBVERBS_1.6' not found (required by /usr/lib/x86_64-linux-gnu/libfabric.so.1) (ignored)
[compute-17-42:57456] mca_base_component_repository_open: unable to open mca_mtl_ofi: /usr/lib/libibverbs.so.1: version `IBVERBS_1.6' not found (required by /usr/lib/x86_64-linux-gnu/libfabric.so.1) (ignored)
[compute-17-42:57455] mca_base_component_repository_open: unable to open mca_mtl_ofi: /usr/lib/libibverbs.so.1: version `IBVERBS_1.6' not found (required by /usr/lib/x86_64-linux-gnu/libfabric.so.1) (ignored)
[compute-17-42:57383] mca_base_component_repository_open: unable to open mca_mtl_ofi: /usr/lib/libibverbs.so.1: version `IBVERBS_1.6' not found (required by /usr/lib/x86_64-linux-gnu/libfabric.so.1) (ignored)
[compute-17-42:57424] mca_base_component_repository_open: unable to open mca_mtl_ofi: /usr/lib/libibverbs.so.1: version `IBVERBS_1.6' not found (required by /usr/lib/x86_64-linux-gnu/libfabric.so.1) (ignored)
[compute-17-42:57479] mca_base_component_repository_open: unable to open mca_mtl_ofi: /usr/lib/libibverbs.so.1: version `IBVERBS_1.6' not found (required by /usr/lib/x86_64-linux-gnu/libfabric.so.1) (ignored)
[compute-17-42:57363] mca_base_component_repository_open: unable to open mca_mtl_ofi: /usr/lib/libibverbs.so.1: version `IBVERBS_1.6' not found (required by /usr/lib/x86_64-linux-gnu/libfabric.so.1) (ignored)
[compute-17-42:57391] mca_base_component_repository_open: unable to open mca_mtl_ofi: /usr/lib/libibverbs.so.1: version `IBVERBS_1.6' not found (required by /usr/lib/x86_64-linux-gnu/libfabric.so.1) (ignored)
[compute-17-42:57460] mca_base_component_repository_open: unable to open mca_mtl_ofi: /usr/lib/libibverbs.so.1: version `IBVERBS_1.6' not found (required by /usr/lib/x86_64-linux-gnu/libfabric.so.1) (ignored)
[compute-17-42:57451] mca_base_component_repository_open: unable to open mca_mtl_ofi: /usr/lib/libibverbs.so.1: version `IBVERBS_1.6' not found (required by /usr/lib/x86_64-linux-gnu/libfabric.so.1) (ignored)
[compute-17-42:57492] mca_base_component_repository_open: unable to open mca_mtl_ofi: /usr/lib/libibverbs.so.1: version `IBVERBS_1.6' not found (required by /usr/lib/x86_64-linux-gnu/libfabric.so.1) (ignored)
[compute-17-42:57488] mca_base_component_repository_open: unable to open mca_mtl_ofi: /usr/lib/libibverbs.so.1: version `IBVERBS_1.6' not found (required by /usr/lib/x86_64-linux-gnu/libfabric.so.1) (ignored)
[compute-17-42:57484] mca_base_component_repository_open: unable to open mca_mtl_ofi: /usr/lib/libibverbs.so.1: version `IBVERBS_1.6' not found (required by /usr/lib/x86_64-linux-gnu/libfabric.so.1) (ignored)
Time taken for execution is 0.004174
[1651243479.040006] [compute-17-42:57488:0]          mpool.c:43   UCX  WARN  object 0x7f93bcb60740 was not returned to mpool ucp_am_bufs
[1651243479.040025] [compute-17-42:57488:0]          mpool.c:43   UCX  WARN  object 0x7f93bcb707c0 was not returned to mpool ucp_am_bufs
[1651243479.040030] [compute-17-42:57488:0]          mpool.c:43   UCX  WARN  object 0x7f93bcb80840 was not returned to mpool ucp_am_bufs
[1651243479.040033] [compute-17-42:57488:0]          mpool.c:43   UCX  WARN  object 0x7f93bcb908c0 was not returned to mpool ucp_am_bufs
[1651243479.040037] [compute-17-42:57488:0]          mpool.c:43   UCX  WARN  object 0x7f93bcba0940 was not returned to mpool ucp_am_bufs
[1651243479.040039] [compute-17-42:57488:0]          mpool.c:43   UCX  WARN  object 0x7f93bcbb09c0 was not returned to mpool ucp_am_bufs
[1651243479.040043] [compute-17-42:57488:0]          mpool.c:43   UCX  WARN  object 0x7f93bcbc0a40 was not returned to mpool ucp_am_bufs
[1651243479.040045] [compute-17-42:57488:0]          mpool.c:43   UCX  WARN  object 0x7f93bcbd0ac0 was not returned to mpool ucp_am_bufs
[1651243479.040048] [compute-17-42:57488:0]          mpool.c:43   UCX  WARN  object 0x7f93bcbe0b40 was not returned to mpool ucp_am_bufs
[1651243479.040050] [compute-17-42:57488:0]          mpool.c:43   UCX  WARN  object 0x7f93bcbf0bc0 was not returned to mpool ucp_am_bufs
[1651243479.040054] [compute-17-42:57488:0]          mpool.c:43   UCX  WARN  object 0x7f93bcc00c40 was not returned to mpool ucp_am_bufs
[1651243479.040056] [compute-17-42:57488:0]          mpool.c:43   UCX  WARN  object 0x7f93bcc10cc0 was not returned to mpool ucp_am_bufs
[1651243479.040060] [compute-17-42:57488:0]          mpool.c:43   UCX  WARN  object 0x7f93bcc20d40 was not returned to mpool ucp_am_bufs
[1651243479.040062] [compute-17-42:57488:0]          mpool.c:43   UCX  WARN  object 0x7f93bcc30dc0 was not returned to mpool ucp_am_bufs
[1651243479.040065] [compute-17-42:57488:0]          mpool.c:43   UCX  WARN  object 0x7f93bcc40e40 was not returned to mpool ucp_am_bufs
[1651243479.040069] [compute-17-42:57488:0]          mpool.c:43   UCX  WARN  object 0x7f93bcc50ec0 was not returned to mpool ucp_am_bufs
[1651243479.040075] [compute-17-42:57488:0]          mpool.c:43   UCX  WARN  object 0x7f93bcc60f40 was not returned to mpool ucp_am_bufs
[1651243479.040077] [compute-17-42:57488:0]          mpool.c:43   UCX  WARN  object 0x7f93bcc70fc0 was not returned to mpool ucp_am_bufs
[1651243479.040128] [compute-17-42:57488:0]          mpool.c:43   UCX  WARN  object 0x7f93be627268 was not returned to mpool mm_recv_desc
