mpi_pivot with 64 processors for N 20
[compute-14-8:24732] mca_base_component_repository_open: unable to open mca_mtl_ofi: /usr/lib/libibverbs.so.1: version `IBVERBS_1.6' not found (required by /usr/lib/x86_64-linux-gnu/libfabric.so.1) (ignored)
[compute-14-8:24733] mca_base_component_repository_open: unable to open mca_mtl_ofi: /usr/lib/libibverbs.so.1: version `IBVERBS_1.6' not found (required by /usr/lib/x86_64-linux-gnu/libfabric.so.1) (ignored)
[compute-14-8:24735] mca_base_component_repository_open: unable to open mca_mtl_ofi: /usr/lib/libibverbs.so.1: version `IBVERBS_1.6' not found (required by /usr/lib/x86_64-linux-gnu/libfabric.so.1) (ignored)
[compute-14-8:24736] mca_base_component_repository_open: unable to open mca_mtl_ofi: /usr/lib/libibverbs.so.1: version `IBVERBS_1.6' not found (required by /usr/lib/x86_64-linux-gnu/libfabric.so.1) (ignored)
[compute-14-8:24741] mca_base_component_repository_open: unable to open mca_mtl_ofi: /usr/lib/libibverbs.so.1: version `IBVERBS_1.6' not found (required by /usr/lib/x86_64-linux-gnu/libfabric.so.1) (ignored)
[compute-14-8:24740] mca_base_component_repository_open: unable to open mca_mtl_ofi: /usr/lib/libibverbs.so.1: version `IBVERBS_1.6' not found (required by /usr/lib/x86_64-linux-gnu/libfabric.so.1) (ignored)
[compute-14-8:24739] mca_base_component_repository_open: unable to open mca_mtl_ofi: /usr/lib/libibverbs.so.1: version `IBVERBS_1.6' not found (required by /usr/lib/x86_64-linux-gnu/libfabric.so.1) (ignored)
[compute-14-8:24880] mca_base_component_repository_open: unable to open mca_mtl_ofi: /usr/lib/libibverbs.so.1: version `IBVERBS_1.6' not found (required by /usr/lib/x86_64-linux-gnu/libfabric.so.1) (ignored)
[compute-14-8:24748] mca_base_component_repository_open: unable to open mca_mtl_ofi: /usr/lib/libibverbs.so.1: version `IBVERBS_1.6' not found (required by /usr/lib/x86_64-linux-gnu/libfabric.so.1) (ignored)
[compute-14-8:24752] mca_base_component_repository_open: unable to open mca_mtl_ofi: /usr/lib/libibverbs.so.1: version `IBVERBS_1.6' not found (required by /usr/lib/x86_64-linux-gnu/libfabric.so.1) (ignored)
[compute-14-8:24757] mca_base_component_repository_open: unable to open mca_mtl_ofi: /usr/lib/libibverbs.so.1: version `IBVERBS_1.6' not found (required by /usr/lib/x86_64-linux-gnu/libfabric.so.1) (ignored)
[compute-14-8:24756] mca_base_component_repository_open: unable to open mca_mtl_ofi: /usr/lib/libibverbs.so.1: version `IBVERBS_1.6' not found (required by /usr/lib/x86_64-linux-gnu/libfabric.so.1) (ignored)
[compute-14-8:24786] mca_base_component_repository_open: unable to open mca_mtl_ofi: /usr/lib/libibverbs.so.1: version `IBVERBS_1.6' not found (required by /usr/lib/x86_64-linux-gnu/libfabric.so.1) (ignored)
[compute-14-8:24887] mca_base_component_repository_open: unable to open mca_mtl_ofi: /usr/lib/libibverbs.so.1: version `IBVERBS_1.6' not found (required by /usr/lib/x86_64-linux-gnu/libfabric.so.1) (ignored)
[compute-14-8:24775] mca_base_component_repository_open: unable to open mca_mtl_ofi: /usr/lib/libibverbs.so.1: version `IBVERBS_1.6' not found (required by /usr/lib/x86_64-linux-gnu/libfabric.so.1) (ignored)
[compute-14-8:24768] mca_base_component_repository_open: unable to open mca_mtl_ofi: /usr/lib/libibverbs.so.1: version `IBVERBS_1.6' not found (required by /usr/lib/x86_64-linux-gnu/libfabric.so.1) (ignored)
[compute-14-8:24793] mca_base_component_repository_open: unable to open mca_mtl_ofi: /usr/lib/libibverbs.so.1: version `IBVERBS_1.6' not found (required by /usr/lib/x86_64-linux-gnu/libfabric.so.1) (ignored)
[compute-14-8:24889] mca_base_component_repository_open: unable to open mca_mtl_ofi: /usr/lib/libibverbs.so.1: version `IBVERBS_1.6' not found (required by /usr/lib/x86_64-linux-gnu/libfabric.so.1) (ignored)
[compute-14-8:24789] mca_base_component_repository_open: unable to open mca_mtl_ofi: /usr/lib/libibverbs.so.1: version `IBVERBS_1.6' not found (required by /usr/lib/x86_64-linux-gnu/libfabric.so.1) (ignored)
[compute-14-8:24788] mca_base_component_repository_open: unable to open mca_mtl_ofi: /usr/lib/libibverbs.so.1: version `IBVERBS_1.6' not found (required by /usr/lib/x86_64-linux-gnu/libfabric.so.1) (ignored)
[compute-14-8:24893] mca_base_component_repository_open: unable to open mca_mtl_ofi: /usr/lib/libibverbs.so.1: version `IBVERBS_1.6' not found (required by /usr/lib/x86_64-linux-gnu/libfabric.so.1) (ignored)
[compute-14-8:24825] mca_base_component_repository_open: unable to open mca_mtl_ofi: /usr/lib/libibverbs.so.1: version `IBVERBS_1.6' not found (required by /usr/lib/x86_64-linux-gnu/libfabric.so.1) (ignored)
[compute-14-8:24803] mca_base_component_repository_open: unable to open mca_mtl_ofi: /usr/lib/libibverbs.so.1: version `IBVERBS_1.6' not found (required by /usr/lib/x86_64-linux-gnu/libfabric.so.1) (ignored)
[compute-14-8:24830] mca_base_component_repository_open: unable to open mca_mtl_ofi: /usr/lib/libibverbs.so.1: version `IBVERBS_1.6' not found (required by /usr/lib/x86_64-linux-gnu/libfabric.so.1) (ignored)
[compute-14-8:24896] mca_base_component_repository_open: unable to open mca_mtl_ofi: /usr/lib/libibverbs.so.1: version `IBVERBS_1.6' not found (required by /usr/lib/x86_64-linux-gnu/libfabric.so.1) (ignored)
[compute-14-8:24829] mca_base_component_repository_open: unable to open mca_mtl_ofi: /usr/lib/libibverbs.so.1: version `IBVERBS_1.6' not found (required by /usr/lib/x86_64-linux-gnu/libfabric.so.1) (ignored)
[compute-14-8:24821] mca_base_component_repository_open: unable to open mca_mtl_ofi: /usr/lib/libibverbs.so.1: version `IBVERBS_1.6' not found (required by /usr/lib/x86_64-linux-gnu/libfabric.so.1) (ignored)
[compute-14-8:24832] mca_base_component_repository_open: unable to open mca_mtl_ofi: /usr/lib/libibverbs.so.1: version `IBVERBS_1.6' not found (required by /usr/lib/x86_64-linux-gnu/libfabric.so.1) (ignored)
[compute-14-8:24898] mca_base_component_repository_open: unable to open mca_mtl_ofi: /usr/lib/libibverbs.so.1: version `IBVERBS_1.6' not found (required by /usr/lib/x86_64-linux-gnu/libfabric.so.1) (ignored)
[compute-14-8:24836] mca_base_component_repository_open: unable to open mca_mtl_ofi: /usr/lib/libibverbs.so.1: version `IBVERBS_1.6' not found (required by /usr/lib/x86_64-linux-gnu/libfabric.so.1) (ignored)
[compute-14-8:24828] mca_base_component_repository_open: unable to open mca_mtl_ofi: /usr/lib/libibverbs.so.1: version `IBVERBS_1.6' not found (required by /usr/lib/x86_64-linux-gnu/libfabric.so.1) (ignored)
[compute-14-8:24844] mca_base_component_repository_open: unable to open mca_mtl_ofi: /usr/lib/libibverbs.so.1: version `IBVERBS_1.6' not found (required by /usr/lib/x86_64-linux-gnu/libfabric.so.1) (ignored)
[compute-14-8:24858] mca_base_component_repository_open: unable to open mca_mtl_ofi: /usr/lib/libibverbs.so.1: version `IBVERBS_1.6' not found (required by /usr/lib/x86_64-linux-gnu/libfabric.so.1) (ignored)
[compute-14-8:24908] mca_base_component_repository_open: unable to open mca_mtl_ofi: /usr/lib/libibverbs.so.1: version `IBVERBS_1.6' not found (required by /usr/lib/x86_64-linux-gnu/libfabric.so.1) (ignored)
[compute-14-8:24855] mca_base_component_repository_open: unable to open mca_mtl_ofi: /usr/lib/libibverbs.so.1: version `IBVERBS_1.6' not found (required by /usr/lib/x86_64-linux-gnu/libfabric.so.1) (ignored)
[compute-14-8:24841] mca_base_component_repository_open: unable to open mca_mtl_ofi: /usr/lib/libibverbs.so.1: version `IBVERBS_1.6' not found (required by /usr/lib/x86_64-linux-gnu/libfabric.so.1) (ignored)
[compute-14-8:24823] mca_base_component_repository_open: unable to open mca_mtl_ofi: /usr/lib/libibverbs.so.1: version `IBVERBS_1.6' not found (required by /usr/lib/x86_64-linux-gnu/libfabric.so.1) (ignored)
[compute-14-8:24886] mca_base_component_repository_open: unable to open mca_mtl_ofi: /usr/lib/libibverbs.so.1: version `IBVERBS_1.6' not found (required by /usr/lib/x86_64-linux-gnu/libfabric.so.1) (ignored)
[compute-14-8:24881] mca_base_component_repository_open: unable to open mca_mtl_ofi: /usr/lib/libibverbs.so.1: version `IBVERBS_1.6' not found (required by /usr/lib/x86_64-linux-gnu/libfabric.so.1) (ignored)
[compute-14-8:24904] mca_base_component_repository_open: unable to open mca_mtl_ofi: /usr/lib/libibverbs.so.1: version `IBVERBS_1.6' not found (required by /usr/lib/x86_64-linux-gnu/libfabric.so.1) (ignored)
[compute-14-8:24852] mca_base_component_repository_open: unable to open mca_mtl_ofi: /usr/lib/libibverbs.so.1: version `IBVERBS_1.6' not found (required by /usr/lib/x86_64-linux-gnu/libfabric.so.1) (ignored)
[compute-14-8:24831] mca_base_component_repository_open: unable to open mca_mtl_ofi: /usr/lib/libibverbs.so.1: version `IBVERBS_1.6' not found (required by /usr/lib/x86_64-linux-gnu/libfabric.so.1) (ignored)
[compute-14-8:24729] mca_base_component_repository_open: unable to open mca_mtl_ofi: /usr/lib/libibverbs.so.1: version `IBVERBS_1.6' not found (required by /usr/lib/x86_64-linux-gnu/libfabric.so.1) (ignored)
[compute-14-8:24758] mca_base_component_repository_open: unable to open mca_mtl_ofi: /usr/lib/libibverbs.so.1: version `IBVERBS_1.6' not found (required by /usr/lib/x86_64-linux-gnu/libfabric.so.1) (ignored)
[compute-14-8:24731] mca_base_component_repository_open: unable to open mca_mtl_ofi: /usr/lib/libibverbs.so.1: version `IBVERBS_1.6' not found (required by /usr/lib/x86_64-linux-gnu/libfabric.so.1) (ignored)
[compute-14-8:24730] mca_base_component_repository_open: unable to open mca_mtl_ofi: /usr/lib/libibverbs.so.1: version `IBVERBS_1.6' not found (required by /usr/lib/x86_64-linux-gnu/libfabric.so.1) (ignored)
[compute-14-8:24745] mca_base_component_repository_open: unable to open mca_mtl_ofi: /usr/lib/libibverbs.so.1: version `IBVERBS_1.6' not found (required by /usr/lib/x86_64-linux-gnu/libfabric.so.1) (ignored)
[compute-14-8:24751] mca_base_component_repository_open: unable to open mca_mtl_ofi: /usr/lib/libibverbs.so.1: version `IBVERBS_1.6' not found (required by /usr/lib/x86_64-linux-gnu/libfabric.so.1) (ignored)
[compute-14-8:24742] mca_base_component_repository_open: unable to open mca_mtl_ofi: /usr/lib/libibverbs.so.1: version `IBVERBS_1.6' not found (required by /usr/lib/x86_64-linux-gnu/libfabric.so.1) (ignored)
[compute-14-8:24728] mca_base_component_repository_open: unable to open mca_mtl_ofi: /usr/lib/libibverbs.so.1: version `IBVERBS_1.6' not found (required by /usr/lib/x86_64-linux-gnu/libfabric.so.1) (ignored)
[compute-14-8:24738] mca_base_component_repository_open: unable to open mca_mtl_ofi: /usr/lib/libibverbs.so.1: version `IBVERBS_1.6' not found (required by /usr/lib/x86_64-linux-gnu/libfabric.so.1) (ignored)
[compute-14-8:24754] mca_base_component_repository_open: unable to open mca_mtl_ofi: /usr/lib/libibverbs.so.1: version `IBVERBS_1.6' not found (required by /usr/lib/x86_64-linux-gnu/libfabric.so.1) (ignored)
[compute-14-8:24727] mca_base_component_repository_open: unable to open mca_mtl_ofi: /usr/lib/libibverbs.so.1: version `IBVERBS_1.6' not found (required by /usr/lib/x86_64-linux-gnu/libfabric.so.1) (ignored)
[compute-14-8:24753] mca_base_component_repository_open: unable to open mca_mtl_ofi: /usr/lib/libibverbs.so.1: version `IBVERBS_1.6' not found (required by /usr/lib/x86_64-linux-gnu/libfabric.so.1) (ignored)
[compute-14-8:24744] mca_base_component_repository_open: unable to open mca_mtl_ofi: /usr/lib/libibverbs.so.1: version `IBVERBS_1.6' not found (required by /usr/lib/x86_64-linux-gnu/libfabric.so.1) (ignored)
[compute-14-8:24726] mca_base_component_repository_open: unable to open mca_mtl_ofi: /usr/lib/libibverbs.so.1: version `IBVERBS_1.6' not found (required by /usr/lib/x86_64-linux-gnu/libfabric.so.1) (ignored)
[compute-14-8:24746] mca_base_component_repository_open: unable to open mca_mtl_ofi: /usr/lib/libibverbs.so.1: version `IBVERBS_1.6' not found (required by /usr/lib/x86_64-linux-gnu/libfabric.so.1) (ignored)
[compute-14-8:24750] mca_base_component_repository_open: unable to open mca_mtl_ofi: /usr/lib/libibverbs.so.1: version `IBVERBS_1.6' not found (required by /usr/lib/x86_64-linux-gnu/libfabric.so.1) (ignored)
[compute-14-8:24747] mca_base_component_repository_open: unable to open mca_mtl_ofi: /usr/lib/libibverbs.so.1: version `IBVERBS_1.6' not found (required by /usr/lib/x86_64-linux-gnu/libfabric.so.1) (ignored)
[compute-14-8:24885] mca_base_component_repository_open: unable to open mca_mtl_ofi: /usr/lib/libibverbs.so.1: version `IBVERBS_1.6' not found (required by /usr/lib/x86_64-linux-gnu/libfabric.so.1) (ignored)
[compute-14-8:24734] mca_base_component_repository_open: unable to open mca_mtl_ofi: /usr/lib/libibverbs.so.1: version `IBVERBS_1.6' not found (required by /usr/lib/x86_64-linux-gnu/libfabric.so.1) (ignored)
[compute-14-8:24755] mca_base_component_repository_open: unable to open mca_mtl_ofi: /usr/lib/libibverbs.so.1: version `IBVERBS_1.6' not found (required by /usr/lib/x86_64-linux-gnu/libfabric.so.1) (ignored)
[compute-14-8:24749] mca_base_component_repository_open: unable to open mca_mtl_ofi: /usr/lib/libibverbs.so.1: version `IBVERBS_1.6' not found (required by /usr/lib/x86_64-linux-gnu/libfabric.so.1) (ignored)
[compute-14-8:24743] mca_base_component_repository_open: unable to open mca_mtl_ofi: /usr/lib/libibverbs.so.1: version `IBVERBS_1.6' not found (required by /usr/lib/x86_64-linux-gnu/libfabric.so.1) (ignored)
Time taken for execution is 0.226722
[1651243532.558331] [compute-14-8:24841:0]          mpool.c:43   UCX  WARN  object 0x7f7cdc3d9140 was not returned to mpool ucp_am_bufs
[1651243532.558352] [compute-14-8:24841:0]          mpool.c:43   UCX  WARN  object 0x7f7cdc3e91c0 was not returned to mpool ucp_am_bufs
[1651243532.558354] [compute-14-8:24841:0]          mpool.c:43   UCX  WARN  object 0x7f7cdc3f9240 was not returned to mpool ucp_am_bufs
[1651243532.558358] [compute-14-8:24841:0]          mpool.c:43   UCX  WARN  object 0x7f7cdc4092c0 was not returned to mpool ucp_am_bufs
[1651243532.558360] [compute-14-8:24841:0]          mpool.c:43   UCX  WARN  object 0x7f7cdc419340 was not returned to mpool ucp_am_bufs
[1651243532.558361] [compute-14-8:24841:0]          mpool.c:43   UCX  WARN  object 0x7f7cdc4293c0 was not returned to mpool ucp_am_bufs
[1651243532.558364] [compute-14-8:24841:0]          mpool.c:43   UCX  WARN  object 0x7f7cdc439440 was not returned to mpool ucp_am_bufs
[1651243532.558369] [compute-14-8:24841:0]          mpool.c:43   UCX  WARN  object 0x7f7cdc4494c0 was not returned to mpool ucp_am_bufs
[1651243532.558370] [compute-14-8:24841:0]          mpool.c:43   UCX  WARN  object 0x7f7cdc459540 was not returned to mpool ucp_am_bufs
[1651243532.558374] [compute-14-8:24841:0]          mpool.c:43   UCX  WARN  object 0x7f7cdc4695c0 was not returned to mpool ucp_am_bufs
[1651243532.558378] [compute-14-8:24841:0]          mpool.c:43   UCX  WARN  object 0x7f7cdc479640 was not returned to mpool ucp_am_bufs
[1651243532.558382] [compute-14-8:24841:0]          mpool.c:43   UCX  WARN  object 0x7f7cdc4896c0 was not returned to mpool ucp_am_bufs
[1651243532.558384] [compute-14-8:24841:0]          mpool.c:43   UCX  WARN  object 0x7f7cdc499740 was not returned to mpool ucp_am_bufs
[1651243532.558388] [compute-14-8:24841:0]          mpool.c:43   UCX  WARN  object 0x7f7cdc4a97c0 was not returned to mpool ucp_am_bufs
[1651243532.558391] [compute-14-8:24841:0]          mpool.c:43   UCX  WARN  object 0x7f7cdc4b9840 was not returned to mpool ucp_am_bufs
[1651243532.558395] [compute-14-8:24841:0]          mpool.c:43   UCX  WARN  object 0x7f7cdc4c98c0 was not returned to mpool ucp_am_bufs
[1651243532.558399] [compute-14-8:24841:0]          mpool.c:43   UCX  WARN  object 0x7f7cdc4d9940 was not returned to mpool ucp_am_bufs
[1651243532.558403] [compute-14-8:24841:0]          mpool.c:43   UCX  WARN  object 0x7f7cdc4e99c0 was not returned to mpool ucp_am_bufs
[1651243532.558405] [compute-14-8:24841:0]          mpool.c:43   UCX  WARN  object 0x7f7cdc4f9a40 was not returned to mpool ucp_am_bufs
[1651243532.558409] [compute-14-8:24841:0]          mpool.c:43   UCX  WARN  object 0x7f7cdc509ac0 was not returned to mpool ucp_am_bufs
[1651243532.558412] [compute-14-8:24841:0]          mpool.c:43   UCX  WARN  object 0x7f7cdc519b40 was not returned to mpool ucp_am_bufs
[1651243532.558416] [compute-14-8:24841:0]          mpool.c:43   UCX  WARN  object 0x7f7cdc529bc0 was not returned to mpool ucp_am_bufs
[1651243532.558418] [compute-14-8:24841:0]          mpool.c:43   UCX  WARN  object 0x7f7cdc539c40 was not returned to mpool ucp_am_bufs
[1651243532.558422] [compute-14-8:24841:0]          mpool.c:43   UCX  WARN  object 0x7f7cdc549cc0 was not returned to mpool ucp_am_bufs
[1651243532.558425] [compute-14-8:24841:0]          mpool.c:43   UCX  WARN  object 0x7f7cdc559d40 was not returned to mpool ucp_am_bufs
[1651243532.558429] [compute-14-8:24841:0]          mpool.c:43   UCX  WARN  object 0x7f7cdc569dc0 was not returned to mpool ucp_am_bufs
[1651243532.558430] [compute-14-8:24841:0]          mpool.c:43   UCX  WARN  object 0x7f7cdc579e40 was not returned to mpool ucp_am_bufs
[1651243532.558434] [compute-14-8:24841:0]          mpool.c:43   UCX  WARN  object 0x7f7cdc589ec0 was not returned to mpool ucp_am_bufs
[1651243532.558438] [compute-14-8:24841:0]          mpool.c:43   UCX  WARN  object 0x7f7cdc599f40 was not returned to mpool ucp_am_bufs
[1651243532.558440] [compute-14-8:24841:0]          mpool.c:43   UCX  WARN  object 0x7f7cdc5a9fc0 was not returned to mpool ucp_am_bufs
[1651243532.558443] [compute-14-8:24841:0]          mpool.c:43   UCX  WARN  object 0x7f7cdc5ba040 was not returned to mpool ucp_am_bufs
[1651243532.558447] [compute-14-8:24841:0]          mpool.c:43   UCX  WARN  object 0x7f7cdc5ca0c0 was not returned to mpool ucp_am_bufs
[1651243532.558450] [compute-14-8:24841:0]          mpool.c:43   UCX  WARN  object 0x7f7cdc5da140 was not returned to mpool ucp_am_bufs
[1651243532.558454] [compute-14-8:24841:0]          mpool.c:43   UCX  WARN  object 0x7f7cdc5ea1c0 was not returned to mpool ucp_am_bufs
[1651243532.558458] [compute-14-8:24841:0]          mpool.c:43   UCX  WARN  object 0x7f7cdc5fa240 was not returned to mpool ucp_am_bufs
[1651243532.558460] [compute-14-8:24841:0]          mpool.c:43   UCX  WARN  object 0x7f7cdc60a2c0 was not returned to mpool ucp_am_bufs
[1651243532.558463] [compute-14-8:24841:0]          mpool.c:43   UCX  WARN  object 0x7f7cdc61a340 was not returned to mpool ucp_am_bufs
[1651243532.558467] [compute-14-8:24841:0]          mpool.c:43   UCX  WARN  object 0x7f7cdc62a3c0 was not returned to mpool ucp_am_bufs
[1651243532.558470] [compute-14-8:24841:0]          mpool.c:43   UCX  WARN  object 0x7f7cdc63a440 was not returned to mpool ucp_am_bufs
[1651243532.558473] [compute-14-8:24841:0]          mpool.c:43   UCX  WARN  object 0x7f7cdc64a4c0 was not returned to mpool ucp_am_bufs
[1651243532.558477] [compute-14-8:24841:0]          mpool.c:43   UCX  WARN  object 0x7f7cdc65a540 was not returned to mpool ucp_am_bufs
[1651243532.558479] [compute-14-8:24841:0]          mpool.c:43   UCX  WARN  object 0x7f7cdc66a5c0 was not returned to mpool ucp_am_bufs
[1651243532.558482] [compute-14-8:24841:0]          mpool.c:43   UCX  WARN  object 0x7f7cdc67a640 was not returned to mpool ucp_am_bufs
[1651243532.558487] [compute-14-8:24841:0]          mpool.c:43   UCX  WARN  object 0x7f7cdc68a6c0 was not returned to mpool ucp_am_bufs
[1651243532.558491] [compute-14-8:24841:0]          mpool.c:43   UCX  WARN  object 0x7f7cdc69a740 was not returned to mpool ucp_am_bufs
[1651243532.558493] [compute-14-8:24841:0]          mpool.c:43   UCX  WARN  object 0x7f7cdc6aa7c0 was not returned to mpool ucp_am_bufs
[1651243532.558497] [compute-14-8:24841:0]          mpool.c:43   UCX  WARN  object 0x7f7cdc6ba840 was not returned to mpool ucp_am_bufs
[1651243532.558501] [compute-14-8:24841:0]          mpool.c:43   UCX  WARN  object 0x7f7cdc6ca8c0 was not returned to mpool ucp_am_bufs
[1651243532.558505] [compute-14-8:24841:0]          mpool.c:43   UCX  WARN  object 0x7f7cdc6da940 was not returned to mpool ucp_am_bufs
[1651243532.558507] [compute-14-8:24841:0]          mpool.c:43   UCX  WARN  object 0x7f7cdc6ea9c0 was not returned to mpool ucp_am_bufs
[1651243532.558511] [compute-14-8:24841:0]          mpool.c:43   UCX  WARN  object 0x7f7cdc6faa40 was not returned to mpool ucp_am_bufs
[1651243532.558514] [compute-14-8:24841:0]          mpool.c:43   UCX  WARN  object 0x7f7cdc70aac0 was not returned to mpool ucp_am_bufs
[1651243532.558517] [compute-14-8:24841:0]          mpool.c:43   UCX  WARN  object 0x7f7cdc71ab40 was not returned to mpool ucp_am_bufs
[1651243532.558521] [compute-14-8:24841:0]          mpool.c:43   UCX  WARN  object 0x7f7cdc72abc0 was not returned to mpool ucp_am_bufs
[1651243532.558525] [compute-14-8:24841:0]          mpool.c:43   UCX  WARN  object 0x7f7cdc73ac40 was not returned to mpool ucp_am_bufs
[1651243532.558528] [compute-14-8:24841:0]          mpool.c:43   UCX  WARN  object 0x7f7cdc74acc0 was not returned to mpool ucp_am_bufs
[1651243532.558532] [compute-14-8:24841:0]          mpool.c:43   UCX  WARN  object 0x7f7cdc75ad40 was not returned to mpool ucp_am_bufs
[1651243532.558535] [compute-14-8:24841:0]          mpool.c:43   UCX  WARN  object 0x7f7cdc76adc0 was not returned to mpool ucp_am_bufs
[1651243532.558539] [compute-14-8:24841:0]          mpool.c:43   UCX  WARN  object 0x7f7cdc77ae40 was not returned to mpool ucp_am_bufs
[1651243532.558540] [compute-14-8:24841:0]          mpool.c:43   UCX  WARN  object 0x7f7cdc78aec0 was not returned to mpool ucp_am_bufs
[1651243532.558544] [compute-14-8:24841:0]          mpool.c:43   UCX  WARN  object 0x7f7cdc79af40 was not returned to mpool ucp_am_bufs
[1651243532.558546] [compute-14-8:24841:0]          mpool.c:43   UCX  WARN  object 0x7f7cdc7aafc0 was not returned to mpool ucp_am_bufs
