mpi_pivot with 4 processors for N 10
[compute-14-11:47867] mca_base_component_repository_open: unable to open mca_mtl_ofi: /usr/lib/libibverbs.so.1: version `IBVERBS_1.6' not found (required by /usr/lib/x86_64-linux-gnu/libfabric.so.1) (ignored)
[compute-14-17:32059] mca_base_component_repository_open: unable to open mca_mtl_ofi: /usr/lib/libibverbs.so.1: version `IBVERBS_1.6' not found (required by /usr/lib/x86_64-linux-gnu/libfabric.so.1) (ignored)
[compute-14-14:18104] mca_base_component_repository_open: unable to open mca_mtl_ofi: /usr/lib/libibverbs.so.1: version `IBVERBS_1.6' not found (required by /usr/lib/x86_64-linux-gnu/libfabric.so.1) (ignored)
[compute-14-13:03755] mca_base_component_repository_open: unable to open mca_mtl_ofi: /usr/lib/libibverbs.so.1: version `IBVERBS_1.6' not found (required by /usr/lib/x86_64-linux-gnu/libfabric.so.1) (ignored)
[compute-14-19:60683] mca_base_component_repository_open: unable to open mca_mtl_ofi: /usr/lib/libibverbs.so.1: version `IBVERBS_1.6' not found (required by /usr/lib/x86_64-linux-gnu/libfabric.so.1) (ignored)
[compute-14-12:13062] mca_base_component_repository_open: unable to open mca_mtl_ofi: /usr/lib/libibverbs.so.1: version `IBVERBS_1.6' not found (required by /usr/lib/x86_64-linux-gnu/libfabric.so.1) (ignored)
[compute-14-10:55833] mca_base_component_repository_open: unable to open mca_mtl_ofi: /usr/lib/libibverbs.so.1: version `IBVERBS_1.6' not found (required by /usr/lib/x86_64-linux-gnu/libfabric.so.1) (ignored)
[compute-14-18:17928] mca_base_component_repository_open: unable to open mca_mtl_ofi: /usr/lib/libibverbs.so.1: version `IBVERBS_1.6' not found (required by /usr/lib/x86_64-linux-gnu/libfabric.so.1) (ignored)
[compute-14-10:55833:0:55833] Caught signal 11 (Segmentation fault: address not mapped to object at address 0x7fff846bef00)
==== backtrace (tid:  55833) ====
 0  /usr/lib/libucs.so.0(ucs_handle_error+0x124) [0x7fb236070e04]
 1  /usr/lib/libucs.so.0(+0x2422c) [0x7fb23607122c]
 2  /usr/lib/libucs.so.0(+0x244a4) [0x7fb2360714a4]
 3  ./mpi_pivot() [0x401e31]
 4  /lib/x86_64-linux-gnu/libc.so.6(__libc_start_main+0xe7) [0x7fb23d936c87]
 5  ./mpi_pivot() [0x40116a]
=================================
--------------------------------------------------------------------------
Primary job  terminated normally, but 1 process returned
a non-zero exit code. Per user-direction, the job has been aborted.
--------------------------------------------------------------------------
--------------------------------------------------------------------------
mpirun noticed that process rank 0 with PID 0 on node compute-14-10 exited on signal 11 (Segmentation fault).
--------------------------------------------------------------------------
