mpi_pivot with 4 processors for N 20
[compute-14-17:32677] mca_base_component_repository_open: unable to open mca_mtl_ofi: /usr/lib/libibverbs.so.1: version `IBVERBS_1.6' not found (required by /usr/lib/x86_64-linux-gnu/libfabric.so.1) (ignored)
[compute-14-20:12126] mca_base_component_repository_open: unable to open mca_mtl_ofi: /usr/lib/libibverbs.so.1: version `IBVERBS_1.6' not found (required by /usr/lib/x86_64-linux-gnu/libfabric.so.1) (ignored)
[compute-14-18:18448] mca_base_component_repository_open: unable to open mca_mtl_ofi: /usr/lib/libibverbs.so.1: version `IBVERBS_1.6' not found (required by /usr/lib/x86_64-linux-gnu/libfabric.so.1) (ignored)
[compute-14-19:61108] mca_base_component_repository_open: unable to open mca_mtl_ofi: /usr/lib/libibverbs.so.1: version `IBVERBS_1.6' not found (required by /usr/lib/x86_64-linux-gnu/libfabric.so.1) (ignored)
Time taken for execution is 0.058919
[1651239833.770772] [compute-14-20:12126:0]          mpool.c:43   UCX  WARN  object 0x7f98a4bd3f40 was not returned to mpool ucp_am_bufs
[1651239833.770786] [compute-14-20:12126:0]          mpool.c:43   UCX  WARN  object 0x7f98a4be3fc0 was not returned to mpool ucp_am_bufs
