mpi_pivot with 4 processors for N 10
[compute-14-14:17087] mca_base_component_repository_open: unable to open mca_mtl_ofi: /usr/lib/libibverbs.so.1: version `IBVERBS_1.6' not found (required by /usr/lib/x86_64-linux-gnu/libfabric.so.1) (ignored)
[compute-14-12:12022] mca_base_component_repository_open: unable to open mca_mtl_ofi: /usr/lib/libibverbs.so.1: version `IBVERBS_1.6' not found (required by /usr/lib/x86_64-linux-gnu/libfabric.so.1) (ignored)
[compute-14-17:31198] mca_base_component_repository_open: unable to open mca_mtl_ofi: /usr/lib/libibverbs.so.1: version `IBVERBS_1.6' not found (required by /usr/lib/x86_64-linux-gnu/libfabric.so.1) (ignored)
[compute-14-11:45677] mca_base_component_repository_open: unable to open mca_mtl_ofi: /usr/lib/libibverbs.so.1: version `IBVERBS_1.6' not found (required by /usr/lib/x86_64-linux-gnu/libfabric.so.1) (ignored)
[compute-14-10:52703] mca_base_component_repository_open: unable to open mca_mtl_ofi: /usr/lib/libibverbs.so.1: version `IBVERBS_1.6' not found (required by /usr/lib/x86_64-linux-gnu/libfabric.so.1) (ignored)
[compute-14-10:52708] mca_base_component_repository_open: unable to open mca_mtl_ofi: /usr/lib/libibverbs.so.1: version `IBVERBS_1.6' not found (required by /usr/lib/x86_64-linux-gnu/libfabric.so.1) (ignored)
[compute-14-10:52725] mca_base_component_repository_open: unable to open mca_mtl_ofi: /usr/lib/libibverbs.so.1: version `IBVERBS_1.6' not found (required by /usr/lib/x86_64-linux-gnu/libfabric.so.1) (ignored)
[compute-14-10:52727] mca_base_component_repository_open: unable to open mca_mtl_ofi: /usr/lib/libibverbs.so.1: version `IBVERBS_1.6' not found (required by /usr/lib/x86_64-linux-gnu/libfabric.so.1) (ignored)
[compute-14-10:52723] mca_base_component_repository_open: unable to open mca_mtl_ofi: /usr/lib/libibverbs.so.1: version `IBVERBS_1.6' not found (required by /usr/lib/x86_64-linux-gnu/libfabric.so.1) (ignored)
[compute-14-10:52728] mca_base_component_repository_open: unable to open mca_mtl_ofi: /usr/lib/libibverbs.so.1: version `IBVERBS_1.6' not found (required by /usr/lib/x86_64-linux-gnu/libfabric.so.1) (ignored)
[compute-14-10:52729] mca_base_component_repository_open: unable to open mca_mtl_ofi: /usr/lib/libibverbs.so.1: version `IBVERBS_1.6' not found (required by /usr/lib/x86_64-linux-gnu/libfabric.so.1) (ignored)
[compute-14-10:52726] mca_base_component_repository_open: unable to open mca_mtl_ofi: /usr/lib/libibverbs.so.1: version `IBVERBS_1.6' not found (required by /usr/lib/x86_64-linux-gnu/libfabric.so.1) (ignored)
[compute-14-10:52759] mca_base_component_repository_open: unable to open mca_mtl_ofi: /usr/lib/libibverbs.so.1: version `IBVERBS_1.6' not found (required by /usr/lib/x86_64-linux-gnu/libfabric.so.1) (ignored)
[compute-14-10:52737] mca_base_component_repository_open: unable to open mca_mtl_ofi: /usr/lib/libibverbs.so.1: version `IBVERBS_1.6' not found (required by /usr/lib/x86_64-linux-gnu/libfabric.so.1) (ignored)
[compute-14-10:52762] mca_base_component_repository_open: unable to open mca_mtl_ofi: /usr/lib/libibverbs.so.1: version `IBVERBS_1.6' not found (required by /usr/lib/x86_64-linux-gnu/libfabric.so.1) (ignored)
[compute-14-10:52754] mca_base_component_repository_open: unable to open mca_mtl_ofi: /usr/lib/libibverbs.so.1: version `IBVERBS_1.6' not found (required by /usr/lib/x86_64-linux-gnu/libfabric.so.1) (ignored)
[compute-14-10:52765] mca_base_component_repository_open: unable to open mca_mtl_ofi: /usr/lib/libibverbs.so.1: version `IBVERBS_1.6' not found (required by /usr/lib/x86_64-linux-gnu/libfabric.so.1) (ignored)
[compute-14-10:52798] mca_base_component_repository_open: unable to open mca_mtl_ofi: /usr/lib/libibverbs.so.1: version `IBVERBS_1.6' not found (required by /usr/lib/x86_64-linux-gnu/libfabric.so.1) (ignored)
[compute-14-10:52781] mca_base_component_repository_open: unable to open mca_mtl_ofi: /usr/lib/libibverbs.so.1: version `IBVERBS_1.6' not found (required by /usr/lib/x86_64-linux-gnu/libfabric.so.1) (ignored)
[compute-14-10:52803] mca_base_component_repository_open: unable to open mca_mtl_ofi: /usr/lib/libibverbs.so.1: version `IBVERBS_1.6' not found (required by /usr/lib/x86_64-linux-gnu/libfabric.so.1) (ignored)
[compute-14-10:52763] mca_base_component_repository_open: unable to open mca_mtl_ofi: /usr/lib/libibverbs.so.1: version `IBVERBS_1.6' not found (required by /usr/lib/x86_64-linux-gnu/libfabric.so.1) (ignored)
[compute-14-10:52805] mca_base_component_repository_open: unable to open mca_mtl_ofi: /usr/lib/libibverbs.so.1: version `IBVERBS_1.6' not found (required by /usr/lib/x86_64-linux-gnu/libfabric.so.1) (ignored)
[compute-14-10:52793] mca_base_component_repository_open: unable to open mca_mtl_ofi: /usr/lib/libibverbs.so.1: version `IBVERBS_1.6' not found (required by /usr/lib/x86_64-linux-gnu/libfabric.so.1) (ignored)
[compute-14-10:52818] mca_base_component_repository_open: unable to open mca_mtl_ofi: /usr/lib/libibverbs.so.1: version `IBVERBS_1.6' not found (required by /usr/lib/x86_64-linux-gnu/libfabric.so.1) (ignored)
[compute-14-10:52791] mca_base_component_repository_open: unable to open mca_mtl_ofi: /usr/lib/libibverbs.so.1: version `IBVERBS_1.6' not found (required by /usr/lib/x86_64-linux-gnu/libfabric.so.1) (ignored)
[compute-14-10:52822] mca_base_component_repository_open: unable to open mca_mtl_ofi: /usr/lib/libibverbs.so.1: version `IBVERBS_1.6' not found (required by /usr/lib/x86_64-linux-gnu/libfabric.so.1) (ignored)
[compute-14-10:52804] mca_base_component_repository_open: unable to open mca_mtl_ofi: /usr/lib/libibverbs.so.1: version `IBVERBS_1.6' not found (required by /usr/lib/x86_64-linux-gnu/libfabric.so.1) (ignored)
[compute-14-10:52840] mca_base_component_repository_open: unable to open mca_mtl_ofi: /usr/lib/libibverbs.so.1: version `IBVERBS_1.6' not found (required by /usr/lib/x86_64-linux-gnu/libfabric.so.1) (ignored)
[compute-14-10:52808] mca_base_component_repository_open: unable to open mca_mtl_ofi: /usr/lib/libibverbs.so.1: version `IBVERBS_1.6' not found (required by /usr/lib/x86_64-linux-gnu/libfabric.so.1) (ignored)
[compute-14-10:52817] mca_base_component_repository_open: unable to open mca_mtl_ofi: /usr/lib/libibverbs.so.1: version `IBVERBS_1.6' not found (required by /usr/lib/x86_64-linux-gnu/libfabric.so.1) (ignored)
[compute-14-10:52851] mca_base_component_repository_open: unable to open mca_mtl_ofi: /usr/lib/libibverbs.so.1: version `IBVERBS_1.6' not found (required by /usr/lib/x86_64-linux-gnu/libfabric.so.1) (ignored)
[compute-14-10:52847] mca_base_component_repository_open: unable to open mca_mtl_ofi: /usr/lib/libibverbs.so.1: version `IBVERBS_1.6' not found (required by /usr/lib/x86_64-linux-gnu/libfabric.so.1) (ignored)
[compute-14-10:52838] mca_base_component_repository_open: unable to open mca_mtl_ofi: /usr/lib/libibverbs.so.1: version `IBVERBS_1.6' not found (required by /usr/lib/x86_64-linux-gnu/libfabric.so.1) (ignored)
[compute-14-10:52839] mca_base_component_repository_open: unable to open mca_mtl_ofi: /usr/lib/libibverbs.so.1: version `IBVERBS_1.6' not found (required by /usr/lib/x86_64-linux-gnu/libfabric.so.1) (ignored)
[compute-14-10:52857] mca_base_component_repository_open: unable to open mca_mtl_ofi: /usr/lib/libibverbs.so.1: version `IBVERBS_1.6' not found (required by /usr/lib/x86_64-linux-gnu/libfabric.so.1) (ignored)
[compute-14-10:52849] mca_base_component_repository_open: unable to open mca_mtl_ofi: /usr/lib/libibverbs.so.1: version `IBVERBS_1.6' not found (required by /usr/lib/x86_64-linux-gnu/libfabric.so.1) (ignored)
[compute-14-13:00494] mca_base_component_repository_open: unable to open mca_mtl_ofi: /usr/lib/libibverbs.so.1: version `IBVERBS_1.6' not found (required by /usr/lib/x86_64-linux-gnu/libfabric.so.1) (ignored)
[compute-14-18:16934] mca_base_component_repository_open: unable to open mca_mtl_ofi: /usr/lib/libibverbs.so.1: version `IBVERBS_1.6' not found (required by /usr/lib/x86_64-linux-gnu/libfabric.so.1) (ignored)
[compute-14-19:57599] mca_base_component_repository_open: unable to open mca_mtl_ofi: /usr/lib/libibverbs.so.1: version `IBVERBS_1.6' not found (required by /usr/lib/x86_64-linux-gnu/libfabric.so.1) (ignored)
[compute-14-10:52702] mca_base_component_repository_open: unable to open mca_mtl_ofi: /usr/lib/libibverbs.so.1: version `IBVERBS_1.6' not found (required by /usr/lib/x86_64-linux-gnu/libfabric.so.1) (ignored)
[compute-14-10:52700] mca_base_component_repository_open: unable to open mca_mtl_ofi: /usr/lib/libibverbs.so.1: version `IBVERBS_1.6' not found (required by /usr/lib/x86_64-linux-gnu/libfabric.so.1) (ignored)
[compute-14-10:52868] mca_base_component_repository_open: unable to open mca_mtl_ofi: /usr/lib/libibverbs.so.1: version `IBVERBS_1.6' not found (required by /usr/lib/x86_64-linux-gnu/libfabric.so.1) (ignored)
[compute-14-10:52717] mca_base_component_repository_open: unable to open mca_mtl_ofi: /usr/lib/libibverbs.so.1: version `IBVERBS_1.6' not found (required by /usr/lib/x86_64-linux-gnu/libfabric.so.1) (ignored)
[compute-14-10:52730] mca_base_component_repository_open: unable to open mca_mtl_ofi: /usr/lib/libibverbs.so.1: version `IBVERBS_1.6' not found (required by /usr/lib/x86_64-linux-gnu/libfabric.so.1) (ignored)
[compute-14-10:52701] mca_base_component_repository_open: unable to open mca_mtl_ofi: /usr/lib/libibverbs.so.1: version `IBVERBS_1.6' not found (required by /usr/lib/x86_64-linux-gnu/libfabric.so.1) (ignored)
[compute-14-10:52753] mca_base_component_repository_open: unable to open mca_mtl_ofi: /usr/lib/libibverbs.so.1: version `IBVERBS_1.6' not found (required by /usr/lib/x86_64-linux-gnu/libfabric.so.1) (ignored)
[compute-14-10:52831] mca_base_component_repository_open: unable to open mca_mtl_ofi: /usr/lib/libibverbs.so.1: version `IBVERBS_1.6' not found (required by /usr/lib/x86_64-linux-gnu/libfabric.so.1) (ignored)
[compute-14-10:52719] mca_base_component_repository_open: unable to open mca_mtl_ofi: /usr/lib/libibverbs.so.1: version `IBVERBS_1.6' not found (required by /usr/lib/x86_64-linux-gnu/libfabric.so.1) (ignored)
[compute-14-10:52699] mca_base_component_repository_open: unable to open mca_mtl_ofi: /usr/lib/libibverbs.so.1: version `IBVERBS_1.6' not found (required by /usr/lib/x86_64-linux-gnu/libfabric.so.1) (ignored)
[compute-14-10:52705] mca_base_component_repository_open: unable to open mca_mtl_ofi: /usr/lib/libibverbs.so.1: version `IBVERBS_1.6' not found (required by /usr/lib/x86_64-linux-gnu/libfabric.so.1) (ignored)
[compute-14-10:52704] mca_base_component_repository_open: unable to open mca_mtl_ofi: /usr/lib/libibverbs.so.1: version `IBVERBS_1.6' not found (required by /usr/lib/x86_64-linux-gnu/libfabric.so.1) (ignored)
[compute-14-10:52750] mca_base_component_repository_open: unable to open mca_mtl_ofi: /usr/lib/libibverbs.so.1: version `IBVERBS_1.6' not found (required by /usr/lib/x86_64-linux-gnu/libfabric.so.1) (ignored)
[compute-14-10:52724] mca_base_component_repository_open: unable to open mca_mtl_ofi: /usr/lib/libibverbs.so.1: version `IBVERBS_1.6' not found (required by /usr/lib/x86_64-linux-gnu/libfabric.so.1) (ignored)
[compute-14-10:52698] mca_base_component_repository_open: unable to open mca_mtl_ofi: /usr/lib/libibverbs.so.1: version `IBVERBS_1.6' not found (required by /usr/lib/x86_64-linux-gnu/libfabric.so.1) (ignored)
[compute-14-10:52710] mca_base_component_repository_open: unable to open mca_mtl_ofi: /usr/lib/libibverbs.so.1: version `IBVERBS_1.6' not found (required by /usr/lib/x86_64-linux-gnu/libfabric.so.1) (ignored)
[compute-14-10:52713] mca_base_component_repository_open: unable to open mca_mtl_ofi: /usr/lib/libibverbs.so.1: version `IBVERBS_1.6' not found (required by /usr/lib/x86_64-linux-gnu/libfabric.so.1) (ignored)
[compute-14-10:52714] mca_base_component_repository_open: unable to open mca_mtl_ofi: /usr/lib/libibverbs.so.1: version `IBVERBS_1.6' not found (required by /usr/lib/x86_64-linux-gnu/libfabric.so.1) (ignored)
[compute-14-10:52707] mca_base_component_repository_open: unable to open mca_mtl_ofi: /usr/lib/libibverbs.so.1: version `IBVERBS_1.6' not found (required by /usr/lib/x86_64-linux-gnu/libfabric.so.1) (ignored)
[compute-14-10:52715] mca_base_component_repository_open: unable to open mca_mtl_ofi: /usr/lib/libibverbs.so.1: version `IBVERBS_1.6' not found (required by /usr/lib/x86_64-linux-gnu/libfabric.so.1) (ignored)
[compute-14-10:52711] mca_base_component_repository_open: unable to open mca_mtl_ofi: /usr/lib/libibverbs.so.1: version `IBVERBS_1.6' not found (required by /usr/lib/x86_64-linux-gnu/libfabric.so.1) (ignored)
[compute-14-10:52722] mca_base_component_repository_open: unable to open mca_mtl_ofi: /usr/lib/libibverbs.so.1: version `IBVERBS_1.6' not found (required by /usr/lib/x86_64-linux-gnu/libfabric.so.1) (ignored)
[compute-14-10:52716] mca_base_component_repository_open: unable to open mca_mtl_ofi: /usr/lib/libibverbs.so.1: version `IBVERBS_1.6' not found (required by /usr/lib/x86_64-linux-gnu/libfabric.so.1) (ignored)
[compute-14-10:52721] mca_base_component_repository_open: unable to open mca_mtl_ofi: /usr/lib/libibverbs.so.1: version `IBVERBS_1.6' not found (required by /usr/lib/x86_64-linux-gnu/libfabric.so.1) (ignored)
[compute-14-10:52755] mca_base_component_repository_open: unable to open mca_mtl_ofi: /usr/lib/libibverbs.so.1: version `IBVERBS_1.6' not found (required by /usr/lib/x86_64-linux-gnu/libfabric.so.1) (ignored)
Time taken for execution is 0.283253
[1651238849.006566] [compute-14-19:57599:0]          mpool.c:43   UCX  WARN  object 0x7fd24dca4140 was not returned to mpool ucp_am_bufs
[1651238849.006581] [compute-14-19:57599:0]          mpool.c:43   UCX  WARN  object 0x7fd24dcb41c0 was not returned to mpool ucp_am_bufs
[1651238849.006586] [compute-14-19:57599:0]          mpool.c:43   UCX  WARN  object 0x7fd24dcc4240 was not returned to mpool ucp_am_bufs
[1651238849.006631] [compute-14-19:57599:0]          mpool.c:43   UCX  WARN  object 0x7fd24dcd42c0 was not returned to mpool ucp_am_bufs
[1651238849.006635] [compute-14-19:57599:0]          mpool.c:43   UCX  WARN  object 0x7fd24dce4340 was not returned to mpool ucp_am_bufs
[1651238849.006658] [compute-14-19:57599:0]          mpool.c:43   UCX  WARN  object 0x7fd24dcf43c0 was not returned to mpool ucp_am_bufs
[1651238849.006661] [compute-14-19:57599:0]          mpool.c:43   UCX  WARN  object 0x7fd24dd04440 was not returned to mpool ucp_am_bufs
[1651238849.006664] [compute-14-19:57599:0]          mpool.c:43   UCX  WARN  object 0x7fd24dd144c0 was not returned to mpool ucp_am_bufs
[1651238849.006693] [compute-14-19:57599:0]          mpool.c:43   UCX  WARN  object 0x7fd24dd24540 was not returned to mpool ucp_am_bufs
[1651238849.006696] [compute-14-19:57599:0]          mpool.c:43   UCX  WARN  object 0x7fd24dd345c0 was not returned to mpool ucp_am_bufs
[1651238849.006717] [compute-14-19:57599:0]          mpool.c:43   UCX  WARN  object 0x7fd24dd44640 was not returned to mpool ucp_am_bufs
[1651238849.006720] [compute-14-19:57599:0]          mpool.c:43   UCX  WARN  object 0x7fd24dd546c0 was not returned to mpool ucp_am_bufs
[1651238849.006739] [compute-14-19:57599:0]          mpool.c:43   UCX  WARN  object 0x7fd24dd64740 was not returned to mpool ucp_am_bufs
[1651238849.006742] [compute-14-19:57599:0]          mpool.c:43   UCX  WARN  object 0x7fd24dd747c0 was not returned to mpool ucp_am_bufs
[1651238849.006771] [compute-14-19:57599:0]          mpool.c:43   UCX  WARN  object 0x7fd24dd84840 was not returned to mpool ucp_am_bufs
[1651238849.006774] [compute-14-19:57599:0]          mpool.c:43   UCX  WARN  object 0x7fd24dd948c0 was not returned to mpool ucp_am_bufs
[1651238849.006814] [compute-14-19:57599:0]          mpool.c:43   UCX  WARN  object 0x7fd24dda4940 was not returned to mpool ucp_am_bufs
[1651238849.006817] [compute-14-19:57599:0]          mpool.c:43   UCX  WARN  object 0x7fd24ddb49c0 was not returned to mpool ucp_am_bufs
[1651238849.006839] [compute-14-19:57599:0]          mpool.c:43   UCX  WARN  object 0x7fd24ddc4a40 was not returned to mpool ucp_am_bufs
[1651238849.006842] [compute-14-19:57599:0]          mpool.c:43   UCX  WARN  object 0x7fd24ddd4ac0 was not returned to mpool ucp_am_bufs
[1651238849.006862] [compute-14-19:57599:0]          mpool.c:43   UCX  WARN  object 0x7fd24dde4b40 was not returned to mpool ucp_am_bufs
[1651238849.006864] [compute-14-19:57599:0]          mpool.c:43   UCX  WARN  object 0x7fd24ddf4bc0 was not returned to mpool ucp_am_bufs
[1651238849.006883] [compute-14-19:57599:0]          mpool.c:43   UCX  WARN  object 0x7fd24de04c40 was not returned to mpool ucp_am_bufs
[1651238849.006886] [compute-14-19:57599:0]          mpool.c:43   UCX  WARN  object 0x7fd24de14cc0 was not returned to mpool ucp_am_bufs
[1651238849.006909] [compute-14-19:57599:0]          mpool.c:43   UCX  WARN  object 0x7fd24de24d40 was not returned to mpool ucp_am_bufs
[1651238849.006912] [compute-14-19:57599:0]          mpool.c:43   UCX  WARN  object 0x7fd24de34dc0 was not returned to mpool ucp_am_bufs
[1651238849.006932] [compute-14-19:57599:0]          mpool.c:43   UCX  WARN  object 0x7fd24de44e40 was not returned to mpool ucp_am_bufs
[1651238849.006935] [compute-14-19:57599:0]          mpool.c:43   UCX  WARN  object 0x7fd24de54ec0 was not returned to mpool ucp_am_bufs
[1651238849.006956] [compute-14-19:57599:0]          mpool.c:43   UCX  WARN  object 0x7fd24de64f40 was not returned to mpool ucp_am_bufs
[1651238849.006959] [compute-14-19:57599:0]          mpool.c:43   UCX  WARN  object 0x7fd24de74fc0 was not returned to mpool ucp_am_bufs
[1651238849.006978] [compute-14-19:57599:0]          mpool.c:43   UCX  WARN  object 0x7fd24de85040 was not returned to mpool ucp_am_bufs
[1651238849.006980] [compute-14-19:57599:0]          mpool.c:43   UCX  WARN  object 0x7fd24de950c0 was not returned to mpool ucp_am_bufs
[1651238849.007003] [compute-14-19:57599:0]          mpool.c:43   UCX  WARN  object 0x7fd24dea5140 was not returned to mpool ucp_am_bufs
[1651238849.007005] [compute-14-19:57599:0]          mpool.c:43   UCX  WARN  object 0x7fd24deb51c0 was not returned to mpool ucp_am_bufs
[1651238849.007024] [compute-14-19:57599:0]          mpool.c:43   UCX  WARN  object 0x7fd24dec5240 was not returned to mpool ucp_am_bufs
[1651238849.007027] [compute-14-19:57599:0]          mpool.c:43   UCX  WARN  object 0x7fd24ded52c0 was not returned to mpool ucp_am_bufs
[1651238849.007049] [compute-14-19:57599:0]          mpool.c:43   UCX  WARN  object 0x7fd24dee5340 was not returned to mpool ucp_am_bufs
[1651238849.007052] [compute-14-19:57599:0]          mpool.c:43   UCX  WARN  object 0x7fd24def53c0 was not returned to mpool ucp_am_bufs
[1651238849.007071] [compute-14-19:57599:0]          mpool.c:43   UCX  WARN  object 0x7fd24df05440 was not returned to mpool ucp_am_bufs
[1651238849.007074] [compute-14-19:57599:0]          mpool.c:43   UCX  WARN  object 0x7fd24df154c0 was not returned to mpool ucp_am_bufs
[1651238849.007093] [compute-14-19:57599:0]          mpool.c:43   UCX  WARN  object 0x7fd24df25540 was not returned to mpool ucp_am_bufs
[1651238849.007095] [compute-14-19:57599:0]          mpool.c:43   UCX  WARN  object 0x7fd24df355c0 was not returned to mpool ucp_am_bufs
[1651238849.007114] [compute-14-19:57599:0]          mpool.c:43   UCX  WARN  object 0x7fd24df45640 was not returned to mpool ucp_am_bufs
[1651238849.007117] [compute-14-19:57599:0]          mpool.c:43   UCX  WARN  object 0x7fd24df556c0 was not returned to mpool ucp_am_bufs
[1651238849.007140] [compute-14-19:57599:0]          mpool.c:43   UCX  WARN  object 0x7fd24df65740 was not returned to mpool ucp_am_bufs
[1651238849.007143] [compute-14-19:57599:0]          mpool.c:43   UCX  WARN  object 0x7fd24df757c0 was not returned to mpool ucp_am_bufs
[1651238849.007165] [compute-14-19:57599:0]          mpool.c:43   UCX  WARN  object 0x7fd24df85840 was not returned to mpool ucp_am_bufs
[1651238849.007168] [compute-14-19:57599:0]          mpool.c:43   UCX  WARN  object 0x7fd24df958c0 was not returned to mpool ucp_am_bufs
[1651238849.007190] [compute-14-19:57599:0]          mpool.c:43   UCX  WARN  object 0x7fd24dfa5940 was not returned to mpool ucp_am_bufs
[1651238849.007193] [compute-14-19:57599:0]          mpool.c:43   UCX  WARN  object 0x7fd24dfb59c0 was not returned to mpool ucp_am_bufs
[1651238849.007212] [compute-14-19:57599:0]          mpool.c:43   UCX  WARN  object 0x7fd24dfc5a40 was not returned to mpool ucp_am_bufs
[1651238849.007215] [compute-14-19:57599:0]          mpool.c:43   UCX  WARN  object 0x7fd24dfd5ac0 was not returned to mpool ucp_am_bufs
[1651238849.007233] [compute-14-19:57599:0]          mpool.c:43   UCX  WARN  object 0x7fd24dfe5b40 was not returned to mpool ucp_am_bufs
[1651238849.007236] [compute-14-19:57599:0]          mpool.c:43   UCX  WARN  object 0x7fd24dff5bc0 was not returned to mpool ucp_am_bufs
[1651238849.007255] [compute-14-19:57599:0]          mpool.c:43   UCX  WARN  object 0x7fd24e005c40 was not returned to mpool ucp_am_bufs
[1651238849.007258] [compute-14-19:57599:0]          mpool.c:43   UCX  WARN  object 0x7fd24e015cc0 was not returned to mpool ucp_am_bufs
[1651238849.007280] [compute-14-19:57599:0]          mpool.c:43   UCX  WARN  object 0x7fd24e025d40 was not returned to mpool ucp_am_bufs
[1651238849.007283] [compute-14-19:57599:0]          mpool.c:43   UCX  WARN  object 0x7fd24e035dc0 was not returned to mpool ucp_am_bufs
[1651238849.007306] [compute-14-19:57599:0]          mpool.c:43   UCX  WARN  object 0x7fd24e045e40 was not returned to mpool ucp_am_bufs
[1651238849.007309] [compute-14-19:57599:0]          mpool.c:43   UCX  WARN  object 0x7fd24e055ec0 was not returned to mpool ucp_am_bufs
[1651238849.007328] [compute-14-19:57599:0]          mpool.c:43   UCX  WARN  object 0x7fd24e065f40 was not returned to mpool ucp_am_bufs
[1651238849.007331] [compute-14-19:57599:0]          mpool.c:43   UCX  WARN  object 0x7fd24e075fc0 was not returned to mpool ucp_am_bufs
