mpi_pivot with 4 processors for N 10
--------------------------------------------------------------------------
WARNING: There was an error initializing an OpenFabrics device.

  Local host:   compute-12-39
  Local device: mlx5_2
--------------------------------------------------------------------------
--------------------------------------------------------------------------
WARNING: There was an error initializing an OpenFabrics device.

  Local host:   compute-12-39
  Local device: mlx5_2
--------------------------------------------------------------------------
--------------------------------------------------------------------------
WARNING: There was an error initializing an OpenFabrics device.

  Local host:   compute-12-39
  Local device: mlx5_2
--------------------------------------------------------------------------
--------------------------------------------------------------------------
WARNING: There was an error initializing an OpenFabrics device.

  Local host:   compute-12-39
  Local device: mlx5_2
--------------------------------------------------------------------------
[compute-12-39:59444] mca_base_component_repository_open: unable to open mca_mtl_ofi: /usr/lib/libibverbs.so.1: version `IBVERBS_1.6' not found (required by /usr/lib/x86_64-linux-gnu/libfabric.so.1) (ignored)
[compute-12-39:59442] mca_base_component_repository_open: unable to open mca_mtl_ofi: /usr/lib/libibverbs.so.1: version `IBVERBS_1.6' not found (required by /usr/lib/x86_64-linux-gnu/libfabric.so.1) (ignored)
[compute-12-39:59443] mca_base_component_repository_open: unable to open mca_mtl_ofi: /usr/lib/libibverbs.so.1: version `IBVERBS_1.6' not found (required by /usr/lib/x86_64-linux-gnu/libfabric.so.1) (ignored)
[compute-12-39:59445] mca_base_component_repository_open: unable to open mca_mtl_ofi: /usr/lib/libibverbs.so.1: version `IBVERBS_1.6' not found (required by /usr/lib/x86_64-linux-gnu/libfabric.so.1) (ignored)
Displaying Initial Matrix.
| 2.000000 8.000000 10.000000 7.000000 1.000000 1.000000 6.000000 2.000000 9.000000 8.000000 | | 8.000000 |
| 5.000000 3.000000 10.000000 3.000000 8.000000 1.000000 3.000000 3.000000 10.000000 1.000000 | | 7.000000 |
| 9.000000 6.000000 6.000000 3.000000 10.000000 6.000000 10.000000 3.000000 4.000000 3.000000 | | 3.000000 |
| 4.000000 9.000000 5.000000 6.000000 7.000000 6.000000 5.000000 4.000000 5.000000 9.000000 | | 8.000000 |
| 4.000000 2.000000 8.000000 6.000000 6.000000 10.000000 6.000000 7.000000 8.000000 6.000000 | | 2.000000 |
| 6.000000 10.000000 3.000000 1.000000 9.000000 6.000000 4.000000 2.000000 10.000000 9.000000 | | 2.000000 |
| 4.000000 5.000000 8.000000 1.000000 9.000000 1.000000 6.000000 7.000000 1.000000 1.000000 | | 10.000000 |
| 8.000000 7.000000 6.000000 9.000000 4.000000 2.000000 6.000000 9.000000 5.000000 1.000000 | | 8.000000 |
| 7.000000 3.000000 8.000000 2.000000 9.000000 1.000000 3.000000 7.000000 3.000000 6.000000 | | 1.000000 |
| 10.000000 7.000000 1.000000 1.000000 4.000000 10.000000 3.000000 4.000000 9.000000 10.000000 | | 10.000000 |

Starting clock.
elapsed time = 0.000197
Stopped clock.

Solution Vector (x):

|1.171555|
|3.632277|
|3.967463|
|-0.893575|
|-1.685127|
|3.053160|
|-3.434138|
|-0.968981|
|-2.102032|
|-2.090987|

Time for Execution = 0.000242 s.
