mpi_pivot with 4 processors for N 10
[compute-35-3:21733] mca_base_component_repository_open: unable to open mca_mtl_ofi: /usr/lib/libibverbs.so.1: version `IBVERBS_1.6' not found (required by /usr/lib/x86_64-linux-gnu/libfabric.so.1) (ignored)
[compute-35-3:21735] mca_base_component_repository_open: unable to open mca_mtl_ofi: /usr/lib/libibverbs.so.1: version `IBVERBS_1.6' not found (required by /usr/lib/x86_64-linux-gnu/libfabric.so.1) (ignored)
[compute-35-3:21744] mca_base_component_repository_open: unable to open mca_mtl_ofi: /usr/lib/libibverbs.so.1: version `IBVERBS_1.6' not found (required by /usr/lib/x86_64-linux-gnu/libfabric.so.1) (ignored)
[compute-35-3:21734] mca_base_component_repository_open: unable to open mca_mtl_ofi: /usr/lib/libibverbs.so.1: version `IBVERBS_1.6' not found (required by /usr/lib/x86_64-linux-gnu/libfabric.so.1) (ignored)
[compute-35-3:21739] mca_base_component_repository_open: unable to open mca_mtl_ofi: /usr/lib/libibverbs.so.1: version `IBVERBS_1.6' not found (required by /usr/lib/x86_64-linux-gnu/libfabric.so.1) (ignored)
[compute-35-3:21738] mca_base_component_repository_open: unable to open mca_mtl_ofi: /usr/lib/libibverbs.so.1: version `IBVERBS_1.6' not found (required by /usr/lib/x86_64-linux-gnu/libfabric.so.1) (ignored)
[compute-35-3:21740] mca_base_component_repository_open: unable to open mca_mtl_ofi: /usr/lib/libibverbs.so.1: version `IBVERBS_1.6' not found (required by /usr/lib/x86_64-linux-gnu/libfabric.so.1) (ignored)
[compute-35-3:21737] mca_base_component_repository_open: unable to open mca_mtl_ofi: /usr/lib/libibverbs.so.1: version `IBVERBS_1.6' not found (required by /usr/lib/x86_64-linux-gnu/libfabric.so.1) (ignored)
[compute-35-3:21733:0:21733] Caught signal 11 (Segmentation fault: address not mapped to object at address 0x7ffe3960f510)
==== backtrace (tid:  21733) ====
 0  /usr/lib/libucs.so.0(ucs_handle_error+0x124) [0x7f5797de0e04]
 1  /usr/lib/libucs.so.0(+0x2422c) [0x7f5797de122c]
 2  /usr/lib/libucs.so.0(+0x244a4) [0x7f5797de14a4]
 3  ./mpi_pivot() [0x401e31]
 4  /lib/x86_64-linux-gnu/libc.so.6(__libc_start_main+0xe7) [0x7f57a0687c87]
 5  ./mpi_pivot() [0x40116a]
=================================
--------------------------------------------------------------------------
Primary job  terminated normally, but 1 process returned
a non-zero exit code. Per user-direction, the job has been aborted.
--------------------------------------------------------------------------
--------------------------------------------------------------------------
mpirun noticed that process rank 0 with PID 21733 on node compute-35-3 exited on signal 11 (Segmentation fault).
--------------------------------------------------------------------------
